[INFO] Scanning for projects...
[INFO] 
[INFO] --------------------< ma.urbanops:urbanops-backend >--------------------
[INFO] Building UrbanOps Backend 1.0.0
[INFO]   from pom.xml
[INFO] --------------------------------[ jar ]---------------------------------
[INFO] 
[INFO] --- jacoco:0.8.11:prepare-agent (prepare-agent) @ urbanops-backend ---
[INFO] argLine set to -javaagent:C:\\Users\\NOONE\\.m2\\repository\\org\\jacoco\\org.jacoco.agent\\0.8.11\\org.jacoco.agent-0.8.11-runtime.jar=destfile=C:\\Users\\NOONE\\CascadeProjects\\urbanops\\backend\\target\\jacoco.exec
[INFO] 
[INFO] --- resources:3.3.1:resources (default-resources) @ urbanops-backend ---
[INFO] Copying 3 resources from src\main\resources to target\classes
[INFO] Copying 2 resources from src\main\resources to target\classes
[INFO] 
[INFO] --- compiler:3.11.0:compile (default-compile) @ urbanops-backend ---
[INFO] Changes detected - recompiling the module! :source
[INFO] Compiling 67 source files with javac [forked debug release 17] to target\classes
[INFO] -------------------------------------------------------------
[ERROR] COMPILATION ERROR : 
[INFO] -------------------------------------------------------------
[ERROR] C:\Users\NOONE\CascadeProjects\urbanops\backend\src\main\java\ma\urbanops\jms\AlertConsumer.java:[6,26] error: cannot find symbol
  symbol:   class EmailService
  location: package ma.urbanops.service
[ERROR] C:\Users\NOONE\CascadeProjects\urbanops\backend\src\main\java\ma\urbanops\jms\AlertConsumer.java:[15,18] error: cannot find symbol
  symbol:   class EmailService
  location: class AlertConsumer
[ERROR] C:\Users\NOONE\CascadeProjects\urbanops\backend\src\main\java\ma\urbanops\jms\AlertConsumer.java:[12] error: cannot find symbol
  symbol:   class EmailService
  location: class AlertConsumer
[ERROR] C:\Users\NOONE\CascadeProjects\urbanops\backend\src\main\java\ma\urbanops\exception\GlobalExceptionHandler.java:[72,12] error: cannot find symbol
  symbol:   class AIAnalysisException
  location: class GlobalExceptionHandler
[ERROR] C:\Users\NOONE\CascadeProjects\urbanops\backend\src\main\java\ma\urbanops\exception\GlobalExceptionHandler.java:[70,22] error: cannot find symbol
  symbol:   class AIAnalysisException
  location: class GlobalExceptionHandler
[INFO] 5 errors 
[INFO] -------------------------------------------------------------
[INFO] ------------------------------------------------------------------------
[INFO] BUILD FAILURE
[INFO] ------------------------------------------------------------------------
[INFO] Total time:  4.066 s
[INFO] Finished at: 2026-05-16T01:59:38+01:00
[INFO] ------------------------------------------------------------------------
[ERROR] Failed to execute goal org.apache.maven.plugins:maven-compiler-plugin:3.11.0:compile (default-compile) on project urbanops-backend: Compilation failure: Compilation failure: 
[ERROR] C:\Users\NOONE\CascadeProjects\urbanops\backend\src\main\java\ma\urbanops\jms\AlertConsumer.java:[6,26] error: cannot find symbol
[ERROR]   symbol:   class EmailService
[ERROR]   location: package ma.urbanops.service
[ERROR] C:\Users\NOONE\CascadeProjects\urbanops\backend\src\main\java\ma\urbanops\jms\AlertConsumer.java:[15,18] error: cannot find symbol
[ERROR]   symbol:   class EmailService
[ERROR]   location: class AlertConsumer
[ERROR] C:\Users\NOONE\CascadeProjects\urbanops\backend\src\main\java\ma\urbanops\jms\AlertConsumer.java:[12] error: cannot find symbol
[ERROR]   symbol:   class EmailService
[ERROR]   location: class AlertConsumer
[ERROR] C:\Users\NOONE\CascadeProjects\urbanops\backend\src\main\java\ma\urbanops\exception\GlobalExceptionHandler.java:[72,12] error: cannot find symbol
[ERROR]   symbol:   class AIAnalysisException
[ERROR]   location: class GlobalExceptionHandler
[ERROR] C:\Users\NOONE\CascadeProjects\urbanops\backend\src\main\java\ma\urbanops\exception\GlobalExceptionHandler.java:[70,22] error: cannot find symbol
[ERROR]   symbol:   class AIAnalysisException
[ERROR]   location: class GlobalExceptionHandler
[ERROR] -> [Help 1]
[ERROR] 
[ERROR] To see the full stack trace of the errors, re-run Maven with the -e switch.
[ERROR] Re-run Maven using the -X switch to enable full debug logging.
[ERROR] 
[ERROR] For more information about the errors and possible solutions, please read the following articles:
[ERROR] [Help 1] http://cwiki.apache.org/confluence/display/MAVEN/MojoFailureException
