[INFO] Scanning for projects...
[INFO] 
[INFO] --------------------< ma.urbanops:urbanops-backend >--------------------
[INFO] Building UrbanOps Backend 1.0.0
[INFO]   from pom.xml
[INFO] --------------------------------[ jar ]---------------------------------
[INFO] 
[INFO] --- clean:3.3.2:clean (default-clean) @ urbanops-backend ---
[INFO] Deleting C:\Users\NOONE\CascadeProjects\urbanops\backend\target
[INFO] 
[INFO] --- jacoco:0.8.11:prepare-agent (prepare-agent) @ urbanops-backend ---
[INFO] argLine set to -javaagent:C:\\Users\\NOONE\\.m2\\repository\\org\\jacoco\\org.jacoco.agent\\0.8.11\\org.jacoco.agent-0.8.11-runtime.jar=destfile=C:\\Users\\NOONE\\CascadeProjects\\urbanops\\backend\\target\\jacoco.exec,excludes=ma/urbanops/dto/**:ma/urbanops/entity/**:ma/urbanops/enums/**:ma/urbanops/config/**:ma/urbanops/exception/**:ma/urbanops/UrbanOpsApplication.class
[INFO] 
[INFO] --- resources:3.3.1:resources (default-resources) @ urbanops-backend ---
[INFO] Copying 3 resources from src\main\resources to target\classes
[INFO] Copying 2 resources from src\main\resources to target\classes
[INFO] 
[INFO] --- compiler:3.11.0:compile (default-compile) @ urbanops-backend ---
[INFO] Changes detected - recompiling the module! :source
[INFO] Compiling 76 source files with javac [forked debug release 17] to target\classes
[INFO] 
[INFO] --- resources:3.3.1:testResources (default-testResources) @ urbanops-backend ---
[INFO] skip non existing resourceDirectory C:\Users\NOONE\CascadeProjects\urbanops\backend\src\test\resources
[INFO] 
[INFO] --- compiler:3.11.0:testCompile (default-testCompile) @ urbanops-backend ---
[INFO] Changes detected - recompiling the module! :dependency
[INFO] Compiling 9 source files with javac [forked debug release 17] to target\test-classes
[INFO] 
[INFO] --- surefire:3.1.2:test (default-test) @ urbanops-backend ---
[INFO] Using auto detected provider org.apache.maven.surefire.junitplatform.JUnitPlatformProvider
[INFO] 
[INFO] -------------------------------------------------------
[INFO]  T E S T S
[INFO] -------------------------------------------------------
[INFO] Running ma.urbanops.controller.AuthControllerTest
=== Starting AuthController Tests ===
mvn : OpenJDK 64-Bit 
Server VM warning: 
Sharing is only supported 
for boot loader classes 
because bootstrap 
classpath has been 
appended
At line:1 char:1
+ mvn clean test > 
test_output.log 2>&1 ; 
echo ExitCode: $?
+ ~~~~~~~~~~~~~~~~~~~~~~~~
~~~~~~~~~~~~~
    + CategoryInfo        
      : NotSpecified: (O  
  penJDK 64-Bit ...s be   
 en appended:String) [    
], RemoteException
    + FullyQualifiedError 
   Id : NativeCommandErr  
  or
 
=== AuthController Tests Complete ===
[INFO] Tests run: 4, Failures: 0, Errors: 0, Skipped: 0, Time elapsed: 3.047 s -- in ma.urbanops.controller.AuthControllerTest
[INFO] Running ma.urbanops.service.AIAnalysisServiceTest
[INFO] Tests run: 2, Failures: 0, Errors: 0, Skipped: 0, Time elapsed: 0.931 s -- in ma.urbanops.service.AIAnalysisServiceTest
[INFO] Running ma.urbanops.service.AlertServiceTest
=== AlertServiceTest START ===
02:21:36.782 [main] INFO ma.urbanops.service.AlertService -- Creating alert for incident: INC-0001
02:21:36.795 [main] INFO ma.urbanops.service.AlertService -- [JMS] Alert queued for incident INC-0001
02:21:36.795 [main] INFO ma.urbanops.service.AlertService -- Alert created and sent for incident: INC-0001
Test completed
Test completed
Test completed
02:21:36.847 [main] INFO ma.urbanops.service.AlertService -- Resending alert: 42
Test completed
02:21:36.852 [main] INFO ma.urbanops.service.AlertService -- Acknowledging alert: 99
Test completed
02:21:36.864 [main] INFO ma.urbanops.service.AlertService -- Acknowledging alert: 1
Test completed
02:21:36.875 [main] INFO ma.urbanops.service.AlertService -- Resending alert: 1
Test completed
02:21:36.880 [main] INFO ma.urbanops.service.AlertService -- Acknowledging alert: 1
Test completed
Test completed
Test completed
Test completed
Test completed
02:21:36.900 [main] INFO ma.urbanops.service.AlertService -- Creating alert for incident: INC-0001
02:21:36.900 [main] INFO ma.urbanops.service.AlertService -- Alert created and sent for incident: INC-0001
Test completed
Test completed
=== AlertServiceTest END ===
[INFO] Tests run: 14, Failures: 0, Errors: 0, Skipped: 0, Time elapsed: 0.410 s -- in ma.urbanops.service.AlertServiceTest
[INFO] Running ma.urbanops.service.CategoryServiceTest
=== CategoryServiceTest START ===
CategoryService test done
CategoryService test done
CategoryService test done
CategoryService test done
CategoryService test done
CategoryService test done
CategoryService test done
CategoryService test done
CategoryService test done
CategoryService test done
CategoryService test done
=== CategoryServiceTest END ===
[WARNING] Tests run: 12, Failures: 0, Errors: 0, Skipped: 1, Time elapsed: 0.154 s -- in ma.urbanops.service.CategoryServiceTest
[INFO] Running ma.urbanops.service.EmailServiceTest
02:21:37.080 [main] INFO ma.urbanops.service.EmailService -- Sending alert to Police: Transport at Rue Y
02:21:37.086 [main] INFO ma.urbanops.service.EmailService -- Sending alert to ONEE: Eau at Avenue X
02:21:37.091 [main] INFO ma.urbanops.service.EmailService -- Sending alert to :  at 
[INFO] Tests run: 3, Failures: 0, Errors: 0, Skipped: 0, Time elapsed: 0.020 s -- in ma.urbanops.service.EmailServiceTest
[INFO] Running ma.urbanops.service.IncidentServiceTest
=== Starting IncidentService Tests ===
02:21:37.529 [main] INFO ma.urbanops.service.IncidentService -- Updating status for incident: 1 to IN_PROGRESS
02:21:37.540 [main] INFO ma.urbanops.service.IncidentService -- Updating status for incident: 1 to RESOLVED
02:21:37.552 [main] INFO ma.urbanops.service.IncidentService -- Deleting incident: 1
02:21:37.571 [main] INFO ma.urbanops.service.IncidentService -- Creating incident: azerty qwerty
02:21:37.572 [main] WARN ma.urbanops.service.IncidentService -- Incident content rejected: reason=Contenu aleatoire confidence=0.9 fallback=false
=== IncidentService Tests Complete ===
[WARNING] Tests run: 11, Failures: 0, Errors: 0, Skipped: 1, Time elapsed: 0.457 s -- in ma.urbanops.service.IncidentServiceTest
[INFO] Running ma.urbanops.service.SectorServiceTest
=== SectorServiceTest START ===
SectorService test done
SectorService test done
SectorService test done
SectorService test done
SectorService test done
SectorService test done
SectorService test done
SectorService test done
SectorService test done
SectorService test done
SectorService test done
=== SectorServiceTest END ===
[WARNING] Tests run: 12, Failures: 0, Errors: 0, Skipped: 1, Time elapsed: 0.050 s -- in ma.urbanops.service.SectorServiceTest
[INFO] Running ma.urbanops.service.StatsServiceTest
=== Starting StatsService Tests ===
StatsService test completed
StatsService test completed
StatsService test completed
StatsService test completed
StatsService test completed
02:21:37.760 [main] INFO ma.urbanops.service.StatsService -- Generating dashboard stats
StatsService test completed
StatsService test completed
StatsService test completed
StatsService test completed
StatsService test completed
02:21:37.795 [main] INFO ma.urbanops.service.StatsService -- Generating dashboard stats
StatsService test completed
StatsService test completed
StatsService test completed
StatsService test completed
=== StatsService Tests Complete ===
[INFO] Tests run: 14, Failures: 0, Errors: 0, Skipped: 0, Time elapsed: 0.174 s -- in ma.urbanops.service.StatsServiceTest
[INFO] Running ma.urbanops.service.UserServiceTest
=== Starting UserService Tests ===
=== UserService Tests Complete ===
[INFO] Tests run: 10, Failures: 0, Errors: 0, Skipped: 0, Time elapsed: 0.073 s -- in ma.urbanops.service.UserServiceTest
[INFO] 
[INFO] Results:
[INFO] 
[WARNING] Tests run: 82, Failures: 0, Errors: 0, Skipped: 3
[INFO] 
[INFO] ------------------------------------------------------------------------
[INFO] BUILD SUCCESS
[INFO] ------------------------------------------------------------------------
[INFO] Total time:  16.653 s
[INFO] Finished at: 2026-05-19T02:21:38+01:00
[INFO] ------------------------------------------------------------------------
